config.R: base_dir = /Users/ilgazcakin/Desktop/Projects/Refined Oxygen model
  Loaded MANUAL_FIT_WINDOWS from app file (75 curves).
  Loaded PLOT_EXCLUDE_POINTS from app file (0 points).
config.R loaded: base_dir = /Users/ilgazcakin/Desktop/Projects/Refined Oxygen model
  Project: bacterial O2 respiration (Taxon x Replicate) | figures-only pipeline
  N_inoc = 1e+09 cells/L | cell C = 67.47 fg | backproject N0 = TRUE

[1/3] Per-curve r-K covariance diagnostic ...
      within-fit cor(r, K): median -0.985  (n = 75 curves)

[2/3] Fitting joint hierarchical model ...
Compiling Stan program...
Start sampling

SAMPLING FOR MODEL 'anon_model' NOW (CHAIN 1).
Chain 1: 
Chain 1: Gradient evaluation took 0.003692 seconds
Chain 1: 1000 transitions using 10 leapfrog steps per transition would take 36.92 seconds.
Chain 1: Adjust your expectations accordingly!
Chain 1: 
Chain 1: 

SAMPLING FOR MODEL 'anon_model' NOW (CHAIN 2).
Chain 2: 
Chain 2: Gradient evaluation took 0.003387 seconds
Chain 2: 1000 transitions using 10 leapfrog steps per transition would take 33.87 seconds.
Chain 2: Adjust your expectations accordingly!
Chain 2: 
Chain 2: 

SAMPLING FOR MODEL 'anon_model' NOW (CHAIN 3).
Chain 3: 
Chain 3: Gradient evaluation took 0.003377 seconds
Chain 3: 1000 transitions using 10 leapfrog steps per transition would take 33.77 seconds.
Chain 3: Adjust your expectations accordingly!
Chain 3: 
Chain 3: 

SAMPLING FOR MODEL 'anon_model' NOW (CHAIN 4).
Chain 4: 
Chain 4: Gradient evaluation took 0.003594 seconds
Chain 4: 1000 transitions using 10 leapfrog steps per transition would take 35.94 seconds.
Chain 4: Adjust your expectations accordingly!
Chain 4: 
Chain 4: 
Chain 1: Iteration:    1 / 1500 [  0%]  (Warmup)
Chain 2: Iteration:    1 / 1500 [  0%]  (Warmup)
Chain 3: Iteration:    1 / 1500 [  0%]  (Warmup)
Chain 4: Iteration:    1 / 1500 [  0%]  (Warmup)
Chain 1: Iteration:   75 / 1500 [  5%]  (Warmup)
Chain 2: Iteration:   75 / 1500 [  5%]  (Warmup)
Chain 4: Iteration:   75 / 1500 [  5%]  (Warmup)
Chain 3: Iteration:   75 / 1500 [  5%]  (Warmup)
Chain 1: Iteration:  150 / 1500 [ 10%]  (Warmup)
Chain 2: Iteration:  150 / 1500 [ 10%]  (Warmup)
Chain 4: Iteration:  150 / 1500 [ 10%]  (Warmup)
Chain 3: Iteration:  150 / 1500 [ 10%]  (Warmup)
Chain 1: Iteration:  225 / 1500 [ 15%]  (Warmup)
Chain 2: Iteration:  225 / 1500 [ 15%]  (Warmup)
Chain 4: Iteration:  225 / 1500 [ 15%]  (Warmup)
Chain 3: Iteration:  225 / 1500 [ 15%]  (Warmup)
Chain 1: Iteration:  300 / 1500 [ 20%]  (Warmup)
Chain 2: Iteration:  300 / 1500 [ 20%]  (Warmup)
Chain 4: Iteration:  300 / 1500 [ 20%]  (Warmup)
Chain 3: Iteration:  300 / 1500 [ 20%]  (Warmup)
Chain 1: Iteration:  375 / 1500 [ 25%]  (Warmup)
Chain 2: Iteration:  375 / 1500 [ 25%]  (Warmup)
Chain 4: Iteration:  375 / 1500 [ 25%]  (Warmup)
Chain 3: Iteration:  375 / 1500 [ 25%]  (Warmup)
Chain 1: Iteration:  450 / 1500 [ 30%]  (Warmup)
Chain 2: Iteration:  450 / 1500 [ 30%]  (Warmup)
Chain 4: Iteration:  450 / 1500 [ 30%]  (Warmup)
Chain 3: Iteration:  450 / 1500 [ 30%]  (Warmup)
Chain 1: Iteration:  525 / 1500 [ 35%]  (Warmup)
Chain 2: Iteration:  525 / 1500 [ 35%]  (Warmup)
Chain 4: Iteration:  525 / 1500 [ 35%]  (Warmup)
Chain 3: Iteration:  525 / 1500 [ 35%]  (Warmup)
Chain 1: Iteration:  600 / 1500 [ 40%]  (Warmup)
Chain 2: Iteration:  600 / 1500 [ 40%]  (Warmup)
Chain 4: Iteration:  600 / 1500 [ 40%]  (Warmup)
Chain 3: Iteration:  600 / 1500 [ 40%]  (Warmup)
Chain 1: Iteration:  675 / 1500 [ 45%]  (Warmup)
Chain 2: Iteration:  675 / 1500 [ 45%]  (Warmup)
Chain 4: Iteration:  675 / 1500 [ 45%]  (Warmup)
Chain 3: Iteration:  675 / 1500 [ 45%]  (Warmup)
Chain 1: Iteration:  750 / 1500 [ 50%]  (Warmup)
Chain 1: Iteration:  751 / 1500 [ 50%]  (Sampling)
Chain 2: Iteration:  750 / 1500 [ 50%]  (Warmup)
Chain 2: Iteration:  751 / 1500 [ 50%]  (Sampling)
Chain 4: Iteration:  750 / 1500 [ 50%]  (Warmup)
Chain 4: Iteration:  751 / 1500 [ 50%]  (Sampling)
Chain 3: Iteration:  750 / 1500 [ 50%]  (Warmup)
Chain 3: Iteration:  751 / 1500 [ 50%]  (Sampling)
Chain 1: Iteration:  825 / 1500 [ 55%]  (Sampling)
Chain 2: Iteration:  825 / 1500 [ 55%]  (Sampling)
Chain 4: Iteration:  825 / 1500 [ 55%]  (Sampling)
Chain 3: Iteration:  825 / 1500 [ 55%]  (Sampling)
Chain 1: Iteration:  900 / 1500 [ 60%]  (Sampling)
Chain 2: Iteration:  900 / 1500 [ 60%]  (Sampling)
Chain 4: Iteration:  900 / 1500 [ 60%]  (Sampling)
Chain 3: Iteration:  900 / 1500 [ 60%]  (Sampling)
Chain 1: Iteration:  975 / 1500 [ 65%]  (Sampling)
Chain 2: Iteration:  975 / 1500 [ 65%]  (Sampling)
Chain 4: Iteration:  975 / 1500 [ 65%]  (Sampling)
Chain 3: Iteration:  975 / 1500 [ 65%]  (Sampling)
Chain 1: Iteration: 1050 / 1500 [ 70%]  (Sampling)
Chain 2: Iteration: 1050 / 1500 [ 70%]  (Sampling)
Chain 4: Iteration: 1050 / 1500 [ 70%]  (Sampling)
Chain 3: Iteration: 1050 / 1500 [ 70%]  (Sampling)
Chain 1: Iteration: 1125 / 1500 [ 75%]  (Sampling)
Chain 2: Iteration: 1125 / 1500 [ 75%]  (Sampling)
Chain 4: Iteration: 1125 / 1500 [ 75%]  (Sampling)
Chain 3: Iteration: 1125 / 1500 [ 75%]  (Sampling)
Chain 1: Iteration: 1200 / 1500 [ 80%]  (Sampling)
Chain 2: Iteration: 1200 / 1500 [ 80%]  (Sampling)
Chain 4: Iteration: 1200 / 1500 [ 80%]  (Sampling)
Chain 3: Iteration: 1200 / 1500 [ 80%]  (Sampling)
Chain 1: Iteration: 1275 / 1500 [ 85%]  (Sampling)
Chain 2: Iteration: 1275 / 1500 [ 85%]  (Sampling)
Chain 4: Iteration: 1275 / 1500 [ 85%]  (Sampling)
Chain 3: Iteration: 1275 / 1500 [ 85%]  (Sampling)
Chain 1: Iteration: 1350 / 1500 [ 90%]  (Sampling)
Chain 2: Iteration: 1350 / 1500 [ 90%]  (Sampling)
Chain 4: Iteration: 1350 / 1500 [ 90%]  (Sampling)
Chain 3: Iteration: 1350 / 1500 [ 90%]  (Sampling)
Chain 1: Iteration: 1425 / 1500 [ 95%]  (Sampling)
Chain 2: Iteration: 1425 / 1500 [ 95%]  (Sampling)
Chain 4: Iteration: 1425 / 1500 [ 95%]  (Sampling)
Chain 3: Iteration: 1425 / 1500 [ 95%]  (Sampling)
Chain 1: Iteration: 1500 / 1500 [100%]  (Sampling)
Chain 1: 
Chain 1:  Elapsed Time: 2059.06 seconds (Warm-up)
Chain 1:                2103.36 seconds (Sampling)
Chain 1:                4162.42 seconds (Total)
Chain 1: 
Chain 2: Iteration: 1500 / 1500 [100%]  (Sampling)
Chain 2: 
Chain 2:  Elapsed Time: 2075.95 seconds (Warm-up)
Chain 2:                2099.04 seconds (Sampling)
Chain 2:                4174.99 seconds (Total)
Chain 2: 
Chain 4: Iteration: 1500 / 1500 [100%]  (Sampling)
Chain 4: 
Chain 4:  Elapsed Time: 2087.93 seconds (Warm-up)
Chain 4:                2093.86 seconds (Sampling)
Chain 4:                4181.79 seconds (Total)
Chain 4: 
Chain 3: Iteration: 1500 / 1500 [100%]  (Sampling)
Chain 3: 
Chain 3:  Elapsed Time: 2118.5 seconds (Warm-up)
Chain 3:                2076.95 seconds (Sampling)
Chain 3:                4195.46 seconds (Total)
Chain 3: 
Warning messages:
1: There were 3000 transitions after warmup that exceeded the maximum treedepth. Increase max_treedepth above 10. See
https://mc-stan.org/misc/warnings.html#maximum-treedepth-exceeded 
2: Examine the pairs() plot to diagnose sampling problems
 
3: The largest R-hat is 3.16, indicating chains have not mixed.
Running the chains for more iterations may help. See
https://mc-stan.org/misc/warnings.html#r-hat 
4: Bulk Effective Samples Size (ESS) is too low, indicating posterior means and medians may be unreliable.
Running the chains for more iterations may help. See
https://mc-stan.org/misc/warnings.html#bulk-ess 
5: Tail Effective Samples Size (ESS) is too low, indicating posterior variances and tail quantiles may be unreliable.
Running the chains for more iterations may help. See
https://mc-stan.org/misc/warnings.html#tail-ess 
      done in 70.6 min
      max R-hat = 3.1662 | divergences = 0

  *** NOT CONVERGED (R-hat > 1.01). The ratios below are NOT usable. ***
  Try QUICK <- FALSE, and if it still fails send me the R-hat and treedepth warnings.

[3/3] Comparing joint vs two-stage uncertainty ...
            Taxon sd_logr_twostage sd_logK_twostage sd_logr_joint sd_logK_joint
    Acinetobacter           0.1034           0.1258        0.0606        0.1184
      Aeromonas_A           0.0571           0.1322        0.0648        0.1049
      Aeromonas_B           0.0448           0.0770        0.0422        0.1257
     Arthrobacter           0.0316           0.0764        0.0393        0.1402
         Bacillus           0.0993           0.1386        0.0792        0.1660
     Burkholderia           0.0228           0.0634        0.0449        0.1448
     Buttiauxella           0.0431           0.0877        0.0616        0.1487
  Chromobacterium           0.0232           0.0741        0.0428        0.1323
 Chryseobacterium           0.0187           0.0780        0.0712        0.1275
 Flavobacterium_A           0.0823           0.1002        0.0496        0.0626
 Flavobacterium_B           0.1281           0.0512        0.0570        0.0986
   Herbaspirillum           0.0391           0.0469        0.0389        0.0871
      Pseudomonas           0.0527           0.1652        0.0380        0.0688
         Serratia           0.0564           0.1584        0.0374        0.0932
         Yersinia           0.0441           0.0980        0.0765        0.2377
 ratio_logr ratio_logK
      0.586      0.941
      1.136      0.793
      0.941      1.632
      1.244      1.835
      0.798      1.198
      1.972      2.284
      1.428      1.695
      1.848      1.784
      3.810      1.636
      0.603      0.624
      0.445      1.925
      0.995      1.857
      0.722      0.417
      0.663      0.589
      1.736      2.425

  median uncertainty ratio (joint / two-stage): log r 1.00x, log K 1.64x
  >1 means the two-stage approach was over-confident.
  [valid only if max R-hat <= 1.01; this run: 3.166]

